// Jest Snapshot v1, https://goo.gl/fbAQLP

exports[`<LoginScreen/> Test should match to snapshot 1`] = `
<div
  className="login-screen"
>
  <div
    className="container"
  >
    <div
      className="row"
    >
      <div
        className="forms-group"
      >
        <div
          className="col-md-6 login-form-1"
        >
          <h3>
            Login
          </h3>
          <form
            className="form-horizontal"
            onSubmit={[Function]}
          >
            <div
              className="form-group"
            >
              <input
                className="form-control"
                name="loginEmail"
                onChange={[Function]}
                placeholder="Email"
                type="text"
                value=""
              />
            </div>
            <div
              className="form-group"
            >
              <input
                className="form-control"
                name="loginPassword"
                onChange={[Function]}
                placeholder="Password"
                type="password"
                value=""
              />
            </div>
            <div
              className="form-group"
            >
              <input
                className="btnSubmit"
                type="submit"
                value="Login"
              />
            </div>
          </form>
        </div>
        <div
          className="col-md-6 login-form-2"
        >
          <h3>
            Register
          </h3>
          <form
            className="form-horizontal"
            onSubmit={[Function]}
          >
            <div
              className="form-group"
            >
              <input
                className="form-control form-control"
                name="registerName"
                onChange={[Function]}
                placeholder="Name"
                type="text"
                value=""
              />
            </div>
            <div
              className="form-group"
            >
              <input
                className="form-control"
                name="registerEmail"
                onChange={[Function]}
                placeholder="Email"
                type="email"
                value=""
              />
            </div>
            <div
              className="form-group"
            >
              <input
                className="form-control"
                name="registerPassword"
                onChange={[Function]}
                placeholder="Password"
                type="password"
                value=""
              />
            </div>
            <div
              className="form-group"
            >
              <input
                className="form-control"
                name="registerConfirmPassword"
                onChange={[Function]}
                placeholder="Confirm password"
                type="password"
                value=""
              />
            </div>
            <div
              className="form-group"
            >
              <input
                className="btnSubmit"
                type="submit"
                value="Register"
              />
            </div>
          </form>
        </div>
      </div>
    </div>
  </div>
</div>
`;
